2025-08-07 01:02:19.499 [ INFO] [cluster-ClusterId{value='689344e0a532e954cdcaf1fb', description='null'}-cluster-shard-00-00.0mtmr.mongodb.net:27017] org.mongodb.driver.cluster - Exception in monitor thread while connecting to server cluster-shard-00-00.0mtmr.mongodb.net:27017
com.mongodb.MongoSocketReadTimeoutException: Timeout while receiving message
	at com.mongodb.internal.connection.AsynchronousChannelStream$BasicCompletionHandler.failed(AsynchronousChannelStream.java:265)
	at com.mongodb.internal.connection.AsynchronousChannelStream$BasicCompletionHandler.failed(AsynchronousChannelStream.java:235)
	at com.mongodb.internal.connection.tlschannel.async.AsynchronousTlsChannel.lambda$read$6(AsynchronousTlsChannel.java:123)
	at java.base/java.util.concurrent.Executors$RunnableAdapter.call(Executors.java:572)
	at java.base/java.util.concurrent.FutureTask.run$$$capture(FutureTask.java:317)
	at java.base/java.util.concurrent.FutureTask.run(FutureTask.java)
	at java.base/java.util.concurrent.ThreadPoolExecutor.runWorker(ThreadPoolExecutor.java:1144)
	at java.base/java.util.concurrent.ThreadPoolExecutor$Worker.run(ThreadPoolExecutor.java:642)
	at java.base/java.lang.Thread.run(Thread.java:1583)
Caused by: java.nio.channels.InterruptedByTimeoutException: null
	at com.mongodb.internal.connection.tlschannel.async.AsynchronousTlsChannelGroup.lambda$startRead$2(AsynchronousTlsChannelGroup.java:310)
	at java.base/java.util.concurrent.Executors$RunnableAdapter.call(Executors.java:572)
	at java.base/java.util.concurrent.FutureTask.run$$$capture(FutureTask.java:317)
	at java.base/java.util.concurrent.FutureTask.run(FutureTask.java)
	at java.base/java.util.concurrent.ScheduledThreadPoolExecutor$ScheduledFutureTask.run(ScheduledThreadPoolExecutor.java:304)
	... 3 common frames omitted
2025-08-07 01:02:20.040 [ INFO] [cluster-ClusterId{value='689344e0a532e954cdcaf1fb', description='null'}-cluster-shard-00-00.0mtmr.mongodb.net:27017] org.mongodb.driver.cluster - Monitor thread successfully connected to server with description ServerDescription{address=cluster-shard-00-00.0mtmr.mongodb.net:27017, type=REPLICA_SET_SECONDARY, state=CONNECTED, ok=true, minWireVersion=0, maxWireVersion=25, maxDocumentSize=16777216, logicalSessionTimeoutMinutes=30, roundTripTimeNanos=127169416, setName='atlas-2baa9v-shard-0', canonicalAddress=cluster-shard-00-00.0mtmr.mongodb.net:27017, hosts=[cluster-shard-00-00.0mtmr.mongodb.net:27017, cluster-shard-00-01.0mtmr.mongodb.net:27017, cluster-shard-00-02.0mtmr.mongodb.net:27017], passives=[], arbiters=[], primary='cluster-shard-00-01.0mtmr.mongodb.net:27017', tagSet=TagSet{[Tag{name='availabilityZone', value='apne2-az1'}, Tag{name='diskState', value='READY'}, Tag{name='nodeType', value='ELECTABLE'}, Tag{name='provider', value='AWS'}, Tag{name='region', value='AP_NORTHEAST_2'}, Tag{name='workloadType', value='OPERATIONAL'}]}, electionId=null, setVersion=12, topologyVersion=TopologyVersion{processId=6890de1b4b883a34827e6fe0, counter=4}, lastWriteDate=Thu Aug 07 01:02:19 KST 2025, lastUpdateTimeNanos=1386096739854833}
2025-08-07 01:02:20.746 [ INFO] [cluster-ClusterId{value='689344e0a532e954cdcaf1fb', description='null'}-cluster-shard-00-02.0mtmr.mongodb.net:27017] org.mongodb.driver.cluster - Exception in monitor thread while connecting to server cluster-shard-00-02.0mtmr.mongodb.net:27017
com.mongodb.MongoSocketReadTimeoutException: Timeout while receiving message
	at com.mongodb.internal.connection.AsynchronousChannelStream$BasicCompletionHandler.failed(AsynchronousChannelStream.java:265)
	at com.mongodb.internal.connection.AsynchronousChannelStream$BasicCompletionHandler.failed(AsynchronousChannelStream.java:235)
	at com.mongodb.internal.connection.tlschannel.async.AsynchronousTlsChannel.lambda$read$6(AsynchronousTlsChannel.java:123)
	at java.base/java.util.concurrent.Executors$RunnableAdapter.call(Executors.java:572)
	at java.base/java.util.concurrent.FutureTask.run$$$capture(FutureTask.java:317)
	at java.base/java.util.concurrent.FutureTask.run(FutureTask.java)
	at java.base/java.util.concurrent.ThreadPoolExecutor.runWorker(ThreadPoolExecutor.java:1144)
	at java.base/java.util.concurrent.ThreadPoolExecutor$Worker.run(ThreadPoolExecutor.java:642)
	at java.base/java.lang.Thread.run(Thread.java:1583)
Caused by: java.nio.channels.InterruptedByTimeoutException: null
	at com.mongodb.internal.connection.tlschannel.async.AsynchronousTlsChannelGroup.lambda$startRead$2(AsynchronousTlsChannelGroup.java:310)
	at java.base/java.util.concurrent.Executors$RunnableAdapter.call(Executors.java:572)
	at java.base/java.util.concurrent.FutureTask.run$$$capture(FutureTask.java:317)
	at java.base/java.util.concurrent.FutureTask.run(FutureTask.java)
	at java.base/java.util.concurrent.ScheduledThreadPoolExecutor$ScheduledFutureTask.run(ScheduledThreadPoolExecutor.java:304)
	... 3 common frames omitted
2025-08-07 01:02:20.877 [ INFO] [cluster-ClusterId{value='689344e0a532e954cdcaf1fb', description='null'}-cluster-shard-00-02.0mtmr.mongodb.net:27017] org.mongodb.driver.cluster - Monitor thread successfully connected to server with description ServerDescription{address=cluster-shard-00-02.0mtmr.mongodb.net:27017, type=REPLICA_SET_SECONDARY, state=CONNECTED, ok=true, minWireVersion=0, maxWireVersion=25, maxDocumentSize=16777216, logicalSessionTimeoutMinutes=30, roundTripTimeNanos=57567375, setName='atlas-2baa9v-shard-0', canonicalAddress=cluster-shard-00-02.0mtmr.mongodb.net:27017, hosts=[cluster-shard-00-00.0mtmr.mongodb.net:27017, cluster-shard-00-01.0mtmr.mongodb.net:27017, cluster-shard-00-02.0mtmr.mongodb.net:27017], passives=[], arbiters=[], primary='cluster-shard-00-01.0mtmr.mongodb.net:27017', tagSet=TagSet{[Tag{name='availabilityZone', value='apne2-az2'}, Tag{name='diskState', value='READY'}, Tag{name='nodeType', value='ELECTABLE'}, Tag{name='provider', value='AWS'}, Tag{name='region', value='AP_NORTHEAST_2'}, Tag{name='workloadType', value='OPERATIONAL'}]}, electionId=null, setVersion=12, topologyVersion=TopologyVersion{processId=6890e37e87ac451b2c164177, counter=3}, lastWriteDate=Thu Aug 07 01:02:20 KST 2025, lastUpdateTimeNanos=1386097579076083}
2025-08-07 01:02:21.089 [ INFO] [cluster-ClusterId{value='689344e0a532e954cdcaf1fb', description='null'}-cluster-shard-00-01.0mtmr.mongodb.net:27017] org.mongodb.driver.cluster - Exception in monitor thread while connecting to server cluster-shard-00-01.0mtmr.mongodb.net:27017
com.mongodb.MongoSocketReadTimeoutException: Timeout while receiving message
	at com.mongodb.internal.connection.AsynchronousChannelStream$BasicCompletionHandler.failed(AsynchronousChannelStream.java:265)
	at com.mongodb.internal.connection.AsynchronousChannelStream$BasicCompletionHandler.failed(AsynchronousChannelStream.java:235)
	at com.mongodb.internal.connection.tlschannel.async.AsynchronousTlsChannel.lambda$read$6(AsynchronousTlsChannel.java:123)
	at java.base/java.util.concurrent.Executors$RunnableAdapter.call(Executors.java:572)
	at java.base/java.util.concurrent.FutureTask.run$$$capture(FutureTask.java:317)
	at java.base/java.util.concurrent.FutureTask.run(FutureTask.java)
	at java.base/java.util.concurrent.ThreadPoolExecutor.runWorker(ThreadPoolExecutor.java:1144)
	at java.base/java.util.concurrent.ThreadPoolExecutor$Worker.run(ThreadPoolExecutor.java:642)
	at java.base/java.lang.Thread.run(Thread.java:1583)
Caused by: java.nio.channels.InterruptedByTimeoutException: null
	at com.mongodb.internal.connection.tlschannel.async.AsynchronousTlsChannelGroup.lambda$startRead$2(AsynchronousTlsChannelGroup.java:310)
	at java.base/java.util.concurrent.Executors$RunnableAdapter.call(Executors.java:572)
	at java.base/java.util.concurrent.FutureTask.run$$$capture(FutureTask.java:317)
	at java.base/java.util.concurrent.FutureTask.run(FutureTask.java)
	at java.base/java.util.concurrent.ScheduledThreadPoolExecutor$ScheduledFutureTask.run(ScheduledThreadPoolExecutor.java:304)
	... 3 common frames omitted
2025-08-07 01:02:21.197 [ INFO] [cluster-ClusterId{value='689344e0a532e954cdcaf1fb', description='null'}-cluster-shard-00-01.0mtmr.mongodb.net:27017] org.mongodb.driver.cluster - Monitor thread successfully connected to server with description ServerDescription{address=cluster-shard-00-01.0mtmr.mongodb.net:27017, type=REPLICA_SET_PRIMARY, state=CONNECTED, ok=true, minWireVersion=0, maxWireVersion=25, maxDocumentSize=16777216, logicalSessionTimeoutMinutes=30, roundTripTimeNanos=43914583, setName='atlas-2baa9v-shard-0', canonicalAddress=cluster-shard-00-01.0mtmr.mongodb.net:27017, hosts=[cluster-shard-00-00.0mtmr.mongodb.net:27017, cluster-shard-00-01.0mtmr.mongodb.net:27017, cluster-shard-00-02.0mtmr.mongodb.net:27017], passives=[], arbiters=[], primary='cluster-shard-00-01.0mtmr.mongodb.net:27017', tagSet=TagSet{[Tag{name='availabilityZone', value='apne2-az3'}, Tag{name='diskState', value='READY'}, Tag{name='nodeType', value='ELECTABLE'}, Tag{name='provider', value='AWS'}, Tag{name='region', value='AP_NORTHEAST_2'}, Tag{name='workloadType', value='OPERATIONAL'}]}, electionId=7fffffff0000000000000096, setVersion=12, topologyVersion=TopologyVersion{processId=6890e09a669a1e8fa262dc09, counter=6}, lastWriteDate=Thu Aug 07 01:02:21 KST 2025, lastUpdateTimeNanos=1386097903420166}
2025-08-07 01:02:21.199 [ INFO] [cluster-ClusterId{value='689344e0a532e954cdcaf1fb', description='null'}-cluster-shard-00-01.0mtmr.mongodb.net:27017] org.mongodb.driver.cluster - Discovered replica set primary cluster-shard-00-01.0mtmr.mongodb.net:27017 with max election id 7fffffff0000000000000096 and max set version 12
2025-08-07 02:12:44.419 [ INFO] [cluster-ClusterId{value='689344e0a532e954cdcaf1fb', description='null'}-cluster-shard-00-00.0mtmr.mongodb.net:27017] org.mongodb.driver.cluster - Exception in monitor thread while connecting to server cluster-shard-00-00.0mtmr.mongodb.net:27017
com.mongodb.MongoSocketReadTimeoutException: Timeout while receiving message
	at com.mongodb.internal.connection.AsynchronousChannelStream$BasicCompletionHandler.failed(AsynchronousChannelStream.java:265)
	at com.mongodb.internal.connection.AsynchronousChannelStream$BasicCompletionHandler.failed(AsynchronousChannelStream.java:235)
	at com.mongodb.internal.connection.tlschannel.async.AsynchronousTlsChannel.lambda$read$6(AsynchronousTlsChannel.java:123)
	at java.base/java.util.concurrent.Executors$RunnableAdapter.call(Executors.java:572)
	at java.base/java.util.concurrent.FutureTask.run$$$capture(FutureTask.java:317)
	at java.base/java.util.concurrent.FutureTask.run(FutureTask.java)
	at java.base/java.util.concurrent.ThreadPoolExecutor.runWorker(ThreadPoolExecutor.java:1144)
	at java.base/java.util.concurrent.ThreadPoolExecutor$Worker.run(ThreadPoolExecutor.java:642)
	at java.base/java.lang.Thread.run(Thread.java:1583)
Caused by: java.nio.channels.InterruptedByTimeoutException: null
	at com.mongodb.internal.connection.tlschannel.async.AsynchronousTlsChannelGroup.lambda$startRead$2(AsynchronousTlsChannelGroup.java:310)
	at java.base/java.util.concurrent.Executors$RunnableAdapter.call(Executors.java:572)
	at java.base/java.util.concurrent.FutureTask.run$$$capture(FutureTask.java:317)
	at java.base/java.util.concurrent.FutureTask.run(FutureTask.java)
	at java.base/java.util.concurrent.ScheduledThreadPoolExecutor$ScheduledFutureTask.run(ScheduledThreadPoolExecutor.java:304)
	... 3 common frames omitted
2025-08-07 02:12:44.543 [ INFO] [cluster-ClusterId{value='689344e0a532e954cdcaf1fb', description='null'}-cluster-shard-00-00.0mtmr.mongodb.net:27017] org.mongodb.driver.cluster - Monitor thread successfully connected to server with description ServerDescription{address=cluster-shard-00-00.0mtmr.mongodb.net:27017, type=REPLICA_SET_SECONDARY, state=CONNECTED, ok=true, minWireVersion=0, maxWireVersion=25, maxDocumentSize=16777216, logicalSessionTimeoutMinutes=30, roundTripTimeNanos=49486500, setName='atlas-2baa9v-shard-0', canonicalAddress=cluster-shard-00-00.0mtmr.mongodb.net:27017, hosts=[cluster-shard-00-00.0mtmr.mongodb.net:27017, cluster-shard-00-01.0mtmr.mongodb.net:27017, cluster-shard-00-02.0mtmr.mongodb.net:27017], passives=[], arbiters=[], primary='cluster-shard-00-01.0mtmr.mongodb.net:27017', tagSet=TagSet{[Tag{name='availabilityZone', value='apne2-az1'}, Tag{name='diskState', value='READY'}, Tag{name='nodeType', value='ELECTABLE'}, Tag{name='provider', value='AWS'}, Tag{name='region', value='AP_NORTHEAST_2'}, Tag{name='workloadType', value='OPERATIONAL'}]}, electionId=null, setVersion=12, topologyVersion=TopologyVersion{processId=6890de1b4b883a34827e6fe0, counter=4}, lastWriteDate=Thu Aug 07 02:12:44 KST 2025, lastUpdateTimeNanos=1386126920181041}
2025-08-07 02:12:45.291 [ INFO] [cluster-ClusterId{value='689344e0a532e954cdcaf1fb', description='null'}-cluster-shard-00-02.0mtmr.mongodb.net:27017] org.mongodb.driver.cluster - Exception in monitor thread while connecting to server cluster-shard-00-02.0mtmr.mongodb.net:27017
com.mongodb.MongoSocketReadTimeoutException: Timeout while receiving message
	at com.mongodb.internal.connection.AsynchronousChannelStream$BasicCompletionHandler.failed(AsynchronousChannelStream.java:265)
	at com.mongodb.internal.connection.AsynchronousChannelStream$BasicCompletionHandler.failed(AsynchronousChannelStream.java:235)
	at com.mongodb.internal.connection.tlschannel.async.AsynchronousTlsChannel.lambda$read$6(AsynchronousTlsChannel.java:123)
	at java.base/java.util.concurrent.Executors$RunnableAdapter.call(Executors.java:572)
	at java.base/java.util.concurrent.FutureTask.run$$$capture(FutureTask.java:317)
	at java.base/java.util.concurrent.FutureTask.run(FutureTask.java)
	at java.base/java.util.concurrent.ThreadPoolExecutor.runWorker(ThreadPoolExecutor.java:1144)
	at java.base/java.util.concurrent.ThreadPoolExecutor$Worker.run(ThreadPoolExecutor.java:642)
	at java.base/java.lang.Thread.run(Thread.java:1583)
Caused by: java.nio.channels.InterruptedByTimeoutException: null
	at com.mongodb.internal.connection.tlschannel.async.AsynchronousTlsChannelGroup.lambda$startRead$2(AsynchronousTlsChannelGroup.java:310)
	at java.base/java.util.concurrent.Executors$RunnableAdapter.call(Executors.java:572)
	at java.base/java.util.concurrent.FutureTask.run$$$capture(FutureTask.java:317)
	at java.base/java.util.concurrent.FutureTask.run(FutureTask.java)
	at java.base/java.util.concurrent.ScheduledThreadPoolExecutor$ScheduledFutureTask.run(ScheduledThreadPoolExecutor.java:304)
	... 3 common frames omitted
2025-08-07 02:12:45.412 [ INFO] [cluster-ClusterId{value='689344e0a532e954cdcaf1fb', description='null'}-cluster-shard-00-02.0mtmr.mongodb.net:27017] org.mongodb.driver.cluster - Monitor thread successfully connected to server with description ServerDescription{address=cluster-shard-00-02.0mtmr.mongodb.net:27017, type=REPLICA_SET_SECONDARY, state=CONNECTED, ok=true, minWireVersion=0, maxWireVersion=25, maxDocumentSize=16777216, logicalSessionTimeoutMinutes=30, roundTripTimeNanos=49750208, setName='atlas-2baa9v-shard-0', canonicalAddress=cluster-shard-00-02.0mtmr.mongodb.net:27017, hosts=[cluster-shard-00-00.0mtmr.mongodb.net:27017, cluster-shard-00-01.0mtmr.mongodb.net:27017, cluster-shard-00-02.0mtmr.mongodb.net:27017], passives=[], arbiters=[], primary='cluster-shard-00-01.0mtmr.mongodb.net:27017', tagSet=TagSet{[Tag{name='availabilityZone', value='apne2-az2'}, Tag{name='diskState', value='READY'}, Tag{name='nodeType', value='ELECTABLE'}, Tag{name='provider', value='AWS'}, Tag{name='region', value='AP_NORTHEAST_2'}, Tag{name='workloadType', value='OPERATIONAL'}]}, electionId=null, setVersion=12, topologyVersion=TopologyVersion{processId=6890e37e87ac451b2c164177, counter=3}, lastWriteDate=Thu Aug 07 02:12:45 KST 2025, lastUpdateTimeNanos=1386127790284375}
2025-08-07 02:12:45.697 [ INFO] [cluster-ClusterId{value='689344e0a532e954cdcaf1fb', description='null'}-cluster-shard-00-01.0mtmr.mongodb.net:27017] org.mongodb.driver.cluster - Exception in monitor thread while connecting to server cluster-shard-00-01.0mtmr.mongodb.net:27017
com.mongodb.MongoSocketReadTimeoutException: Timeout while receiving message
	at com.mongodb.internal.connection.AsynchronousChannelStream$BasicCompletionHandler.failed(AsynchronousChannelStream.java:265)
	at com.mongodb.internal.connection.AsynchronousChannelStream$BasicCompletionHandler.failed(AsynchronousChannelStream.java:235)
	at com.mongodb.internal.connection.tlschannel.async.AsynchronousTlsChannel.lambda$read$6(AsynchronousTlsChannel.java:123)
	at java.base/java.util.concurrent.Executors$RunnableAdapter.call(Executors.java:572)
	at java.base/java.util.concurrent.FutureTask.run$$$capture(FutureTask.java:317)
	at java.base/java.util.concurrent.FutureTask.run(FutureTask.java)
	at java.base/java.util.concurrent.ThreadPoolExecutor.runWorker(ThreadPoolExecutor.java:1144)
	at java.base/java.util.concurrent.ThreadPoolExecutor$Worker.run(ThreadPoolExecutor.java:642)
	at java.base/java.lang.Thread.run(Thread.java:1583)
Caused by: java.nio.channels.InterruptedByTimeoutException: null
	at com.mongodb.internal.connection.tlschannel.async.AsynchronousTlsChannelGroup.lambda$startRead$2(AsynchronousTlsChannelGroup.java:310)
	at java.base/java.util.concurrent.Executors$RunnableAdapter.call(Executors.java:572)
	at java.base/java.util.concurrent.FutureTask.run$$$capture(FutureTask.java:317)
	at java.base/java.util.concurrent.FutureTask.run(FutureTask.java)
	at java.base/java.util.concurrent.ScheduledThreadPoolExecutor$ScheduledFutureTask.run(ScheduledThreadPoolExecutor.java:304)
	... 3 common frames omitted
2025-08-07 02:12:45.812 [ INFO] [cluster-ClusterId{value='689344e0a532e954cdcaf1fb', description='null'}-cluster-shard-00-01.0mtmr.mongodb.net:27017] org.mongodb.driver.cluster - Monitor thread successfully connected to server with description ServerDescription{address=cluster-shard-00-01.0mtmr.mongodb.net:27017, type=REPLICA_SET_PRIMARY, state=CONNECTED, ok=true, minWireVersion=0, maxWireVersion=25, maxDocumentSize=16777216, logicalSessionTimeoutMinutes=30, roundTripTimeNanos=40789875, setName='atlas-2baa9v-shard-0', canonicalAddress=cluster-shard-00-01.0mtmr.mongodb.net:27017, hosts=[cluster-shard-00-00.0mtmr.mongodb.net:27017, cluster-shard-00-01.0mtmr.mongodb.net:27017, cluster-shard-00-02.0mtmr.mongodb.net:27017], passives=[], arbiters=[], primary='cluster-shard-00-01.0mtmr.mongodb.net:27017', tagSet=TagSet{[Tag{name='availabilityZone', value='apne2-az3'}, Tag{name='diskState', value='READY'}, Tag{name='nodeType', value='ELECTABLE'}, Tag{name='provider', value='AWS'}, Tag{name='region', value='AP_NORTHEAST_2'}, Tag{name='workloadType', value='OPERATIONAL'}]}, electionId=7fffffff0000000000000096, setVersion=12, topologyVersion=TopologyVersion{processId=6890e09a669a1e8fa262dc09, counter=6}, lastWriteDate=Thu Aug 07 02:12:45 KST 2025, lastUpdateTimeNanos=1386128189911333}
2025-08-07 02:12:45.813 [ INFO] [cluster-ClusterId{value='689344e0a532e954cdcaf1fb', description='null'}-cluster-shard-00-01.0mtmr.mongodb.net:27017] org.mongodb.driver.cluster - Discovered replica set primary cluster-shard-00-01.0mtmr.mongodb.net:27017 with max election id 7fffffff0000000000000096 and max set version 12
2025-08-07 03:51:48.353 [ INFO] [cluster-ClusterId{value='689344e0a532e954cdcaf1fb', description='null'}-cluster-shard-00-00.0mtmr.mongodb.net:27017] org.mongodb.driver.cluster - Exception in monitor thread while connecting to server cluster-shard-00-00.0mtmr.mongodb.net:27017
com.mongodb.MongoSocketReadTimeoutException: Timeout while receiving message
	at com.mongodb.internal.connection.AsynchronousChannelStream$BasicCompletionHandler.failed(AsynchronousChannelStream.java:265)
	at com.mongodb.internal.connection.AsynchronousChannelStream$BasicCompletionHandler.failed(AsynchronousChannelStream.java:235)
	at com.mongodb.internal.connection.tlschannel.async.AsynchronousTlsChannel.lambda$read$6(AsynchronousTlsChannel.java:123)
	at java.base/java.util.concurrent.Executors$RunnableAdapter.call(Executors.java:572)
	at java.base/java.util.concurrent.FutureTask.run$$$capture(FutureTask.java:317)
	at java.base/java.util.concurrent.FutureTask.run(FutureTask.java)
	at java.base/java.util.concurrent.ThreadPoolExecutor.runWorker(ThreadPoolExecutor.java:1144)
	at java.base/java.util.concurrent.ThreadPoolExecutor$Worker.run(ThreadPoolExecutor.java:642)
	at java.base/java.lang.Thread.run(Thread.java:1583)
Caused by: java.nio.channels.InterruptedByTimeoutException: null
	at com.mongodb.internal.connection.tlschannel.async.AsynchronousTlsChannelGroup.lambda$startRead$2(AsynchronousTlsChannelGroup.java:310)
	at java.base/java.util.concurrent.Executors$RunnableAdapter.call(Executors.java:572)
	at java.base/java.util.concurrent.FutureTask.run$$$capture(FutureTask.java:317)
	at java.base/java.util.concurrent.FutureTask.run(FutureTask.java)
	at java.base/java.util.concurrent.ScheduledThreadPoolExecutor$ScheduledFutureTask.run(ScheduledThreadPoolExecutor.java:304)
	... 3 common frames omitted
2025-08-07 03:51:48.452 [ INFO] [cluster-ClusterId{value='689344e0a532e954cdcaf1fb', description='null'}-cluster-shard-00-00.0mtmr.mongodb.net:27017] org.mongodb.driver.cluster - Monitor thread successfully connected to server with description ServerDescription{address=cluster-shard-00-00.0mtmr.mongodb.net:27017, type=REPLICA_SET_SECONDARY, state=CONNECTED, ok=true, minWireVersion=0, maxWireVersion=25, maxDocumentSize=16777216, logicalSessionTimeoutMinutes=30, roundTripTimeNanos=65220250, setName='atlas-2baa9v-shard-0', canonicalAddress=cluster-shard-00-00.0mtmr.mongodb.net:27017, hosts=[cluster-shard-00-00.0mtmr.mongodb.net:27017, cluster-shard-00-01.0mtmr.mongodb.net:27017, cluster-shard-00-02.0mtmr.mongodb.net:27017], passives=[], arbiters=[], primary='cluster-shard-00-01.0mtmr.mongodb.net:27017', tagSet=TagSet{[Tag{name='availabilityZone', value='apne2-az1'}, Tag{name='diskState', value='READY'}, Tag{name='nodeType', value='ELECTABLE'}, Tag{name='provider', value='AWS'}, Tag{name='region', value='AP_NORTHEAST_2'}, Tag{name='workloadType', value='OPERATIONAL'}]}, electionId=null, setVersion=12, topologyVersion=TopologyVersion{processId=6890de1b4b883a34827e6fe0, counter=4}, lastWriteDate=Thu Aug 07 03:51:48 KST 2025, lastUpdateTimeNanos=1386167150151833}
2025-08-07 03:51:49.192 [ INFO] [cluster-ClusterId{value='689344e0a532e954cdcaf1fb', description='null'}-cluster-shard-00-02.0mtmr.mongodb.net:27017] org.mongodb.driver.cluster - Exception in monitor thread while connecting to server cluster-shard-00-02.0mtmr.mongodb.net:27017
com.mongodb.MongoSocketReadTimeoutException: Timeout while receiving message
	at com.mongodb.internal.connection.AsynchronousChannelStream$BasicCompletionHandler.failed(AsynchronousChannelStream.java:265)
	at com.mongodb.internal.connection.AsynchronousChannelStream$BasicCompletionHandler.failed(AsynchronousChannelStream.java:235)
	at com.mongodb.internal.connection.tlschannel.async.AsynchronousTlsChannel.lambda$read$6(AsynchronousTlsChannel.java:123)
	at java.base/java.util.concurrent.Executors$RunnableAdapter.call(Executors.java:572)
	at java.base/java.util.concurrent.FutureTask.run$$$capture(FutureTask.java:317)
	at java.base/java.util.concurrent.FutureTask.run(FutureTask.java)
	at java.base/java.util.concurrent.ThreadPoolExecutor.runWorker(ThreadPoolExecutor.java:1144)
	at java.base/java.util.concurrent.ThreadPoolExecutor$Worker.run(ThreadPoolExecutor.java:642)
	at java.base/java.lang.Thread.run(Thread.java:1583)
Caused by: java.nio.channels.InterruptedByTimeoutException: null
	at com.mongodb.internal.connection.tlschannel.async.AsynchronousTlsChannelGroup.lambda$startRead$2(AsynchronousTlsChannelGroup.java:310)
	at java.base/java.util.concurrent.Executors$RunnableAdapter.call(Executors.java:572)
	at java.base/java.util.concurrent.FutureTask.run$$$capture(FutureTask.java:317)
	at java.base/java.util.concurrent.FutureTask.run(FutureTask.java)
	at java.base/java.util.concurrent.ScheduledThreadPoolExecutor$ScheduledFutureTask.run(ScheduledThreadPoolExecutor.java:304)
	... 3 common frames omitted
2025-08-07 03:51:49.252 [ INFO] [cluster-ClusterId{value='689344e0a532e954cdcaf1fb', description='null'}-cluster-shard-00-02.0mtmr.mongodb.net:27017] org.mongodb.driver.cluster - Monitor thread successfully connected to server with description ServerDescription{address=cluster-shard-00-02.0mtmr.mongodb.net:27017, type=REPLICA_SET_SECONDARY, state=CONNECTED, ok=true, minWireVersion=0, maxWireVersion=25, maxDocumentSize=16777216, logicalSessionTimeoutMinutes=30, roundTripTimeNanos=40515042, setName='atlas-2baa9v-shard-0', canonicalAddress=cluster-shard-00-02.0mtmr.mongodb.net:27017, hosts=[cluster-shard-00-00.0mtmr.mongodb.net:27017, cluster-shard-00-01.0mtmr.mongodb.net:27017, cluster-shard-00-02.0mtmr.mongodb.net:27017], passives=[], arbiters=[], primary='cluster-shard-00-01.0mtmr.mongodb.net:27017', tagSet=TagSet{[Tag{name='availabilityZone', value='apne2-az2'}, Tag{name='diskState', value='READY'}, Tag{name='nodeType', value='ELECTABLE'}, Tag{name='provider', value='AWS'}, Tag{name='region', value='AP_NORTHEAST_2'}, Tag{name='workloadType', value='OPERATIONAL'}]}, electionId=null, setVersion=12, topologyVersion=TopologyVersion{processId=6890e37e87ac451b2c164177, counter=3}, lastWriteDate=Thu Aug 07 03:51:49 KST 2025, lastUpdateTimeNanos=1386167950806041}
2025-08-07 03:51:49.530 [ INFO] [cluster-ClusterId{value='689344e0a532e954cdcaf1fb', description='null'}-cluster-shard-00-01.0mtmr.mongodb.net:27017] org.mongodb.driver.cluster - Exception in monitor thread while connecting to server cluster-shard-00-01.0mtmr.mongodb.net:27017
com.mongodb.MongoSocketReadTimeoutException: Timeout while receiving message
	at com.mongodb.internal.connection.AsynchronousChannelStream$BasicCompletionHandler.failed(AsynchronousChannelStream.java:265)
	at com.mongodb.internal.connection.AsynchronousChannelStream$BasicCompletionHandler.failed(AsynchronousChannelStream.java:235)
	at com.mongodb.internal.connection.tlschannel.async.AsynchronousTlsChannel.lambda$read$6(AsynchronousTlsChannel.java:123)
	at java.base/java.util.concurrent.Executors$RunnableAdapter.call(Executors.java:572)
	at java.base/java.util.concurrent.FutureTask.run$$$capture(FutureTask.java:317)
	at java.base/java.util.concurrent.FutureTask.run(FutureTask.java)
	at java.base/java.util.concurrent.ThreadPoolExecutor.runWorker(ThreadPoolExecutor.java:1144)
	at java.base/java.util.concurrent.ThreadPoolExecutor$Worker.run(ThreadPoolExecutor.java:642)
	at java.base/java.lang.Thread.run(Thread.java:1583)
Caused by: java.nio.channels.InterruptedByTimeoutException: null
	at com.mongodb.internal.connection.tlschannel.async.AsynchronousTlsChannelGroup.lambda$startRead$2(AsynchronousTlsChannelGroup.java:310)
	at java.base/java.util.concurrent.Executors$RunnableAdapter.call(Executors.java:572)
	at java.base/java.util.concurrent.FutureTask.run$$$capture(FutureTask.java:317)
	at java.base/java.util.concurrent.FutureTask.run(FutureTask.java)
	at java.base/java.util.concurrent.ScheduledThreadPoolExecutor$ScheduledFutureTask.run(ScheduledThreadPoolExecutor.java:304)
	... 3 common frames omitted
2025-08-07 03:51:49.602 [ INFO] [cluster-ClusterId{value='689344e0a532e954cdcaf1fb', description='null'}-cluster-shard-00-01.0mtmr.mongodb.net:27017] org.mongodb.driver.cluster - Monitor thread successfully connected to server with description ServerDescription{address=cluster-shard-00-01.0mtmr.mongodb.net:27017, type=REPLICA_SET_PRIMARY, state=CONNECTED, ok=true, minWireVersion=0, maxWireVersion=25, maxDocumentSize=16777216, logicalSessionTimeoutMinutes=30, roundTripTimeNanos=49448125, setName='atlas-2baa9v-shard-0', canonicalAddress=cluster-shard-00-01.0mtmr.mongodb.net:27017, hosts=[cluster-shard-00-00.0mtmr.mongodb.net:27017, cluster-shard-00-01.0mtmr.mongodb.net:27017, cluster-shard-00-02.0mtmr.mongodb.net:27017], passives=[], arbiters=[], primary='cluster-shard-00-01.0mtmr.mongodb.net:27017', tagSet=TagSet{[Tag{name='availabilityZone', value='apne2-az3'}, Tag{name='diskState', value='READY'}, Tag{name='nodeType', value='ELECTABLE'}, Tag{name='provider', value='AWS'}, Tag{name='region', value='AP_NORTHEAST_2'}, Tag{name='workloadType', value='OPERATIONAL'}]}, electionId=7fffffff0000000000000096, setVersion=12, topologyVersion=TopologyVersion{processId=6890e09a669a1e8fa262dc09, counter=6}, lastWriteDate=Thu Aug 07 03:51:49 KST 2025, lastUpdateTimeNanos=1386168301264541}
2025-08-07 03:51:49.603 [ INFO] [cluster-ClusterId{value='689344e0a532e954cdcaf1fb', description='null'}-cluster-shard-00-01.0mtmr.mongodb.net:27017] org.mongodb.driver.cluster - Discovered replica set primary cluster-shard-00-01.0mtmr.mongodb.net:27017 with max election id 7fffffff0000000000000096 and max set version 12
2025-08-07 05:39:53.686 [ INFO] [cluster-ClusterId{value='689344e0a532e954cdcaf1fb', description='null'}-cluster-shard-00-00.0mtmr.mongodb.net:27017] org.mongodb.driver.cluster - Exception in monitor thread while connecting to server cluster-shard-00-00.0mtmr.mongodb.net:27017
com.mongodb.MongoSocketReadTimeoutException: Timeout while receiving message
	at com.mongodb.internal.connection.AsynchronousChannelStream$BasicCompletionHandler.failed(AsynchronousChannelStream.java:265)
	at com.mongodb.internal.connection.AsynchronousChannelStream$BasicCompletionHandler.failed(AsynchronousChannelStream.java:235)
	at com.mongodb.internal.connection.tlschannel.async.AsynchronousTlsChannel.lambda$read$6(AsynchronousTlsChannel.java:123)
	at java.base/java.util.concurrent.Executors$RunnableAdapter.call(Executors.java:572)
	at java.base/java.util.concurrent.FutureTask.run$$$capture(FutureTask.java:317)
	at java.base/java.util.concurrent.FutureTask.run(FutureTask.java)
	at java.base/java.util.concurrent.ThreadPoolExecutor.runWorker(ThreadPoolExecutor.java:1144)
	at java.base/java.util.concurrent.ThreadPoolExecutor$Worker.run(ThreadPoolExecutor.java:642)
	at java.base/java.lang.Thread.run(Thread.java:1583)
Caused by: java.nio.channels.InterruptedByTimeoutException: null
	at com.mongodb.internal.connection.tlschannel.async.AsynchronousTlsChannelGroup.lambda$startRead$2(AsynchronousTlsChannelGroup.java:310)
	at java.base/java.util.concurrent.Executors$RunnableAdapter.call(Executors.java:572)
	at java.base/java.util.concurrent.FutureTask.run$$$capture(FutureTask.java:317)
	at java.base/java.util.concurrent.FutureTask.run(FutureTask.java)
	at java.base/java.util.concurrent.ScheduledThreadPoolExecutor$ScheduledFutureTask.run(ScheduledThreadPoolExecutor.java:304)
	... 3 common frames omitted
2025-08-07 05:39:53.754 [ INFO] [cluster-ClusterId{value='689344e0a532e954cdcaf1fb', description='null'}-cluster-shard-00-00.0mtmr.mongodb.net:27017] org.mongodb.driver.cluster - Monitor thread successfully connected to server with description ServerDescription{address=cluster-shard-00-00.0mtmr.mongodb.net:27017, type=REPLICA_SET_SECONDARY, state=CONNECTED, ok=true, minWireVersion=0, maxWireVersion=25, maxDocumentSize=16777216, logicalSessionTimeoutMinutes=30, roundTripTimeNanos=40128375, setName='atlas-2baa9v-shard-0', canonicalAddress=cluster-shard-00-00.0mtmr.mongodb.net:27017, hosts=[cluster-shard-00-00.0mtmr.mongodb.net:27017, cluster-shard-00-01.0mtmr.mongodb.net:27017, cluster-shard-00-02.0mtmr.mongodb.net:27017], passives=[], arbiters=[], primary='cluster-shard-00-01.0mtmr.mongodb.net:27017', tagSet=TagSet{[Tag{name='availabilityZone', value='apne2-az1'}, Tag{name='diskState', value='READY'}, Tag{name='nodeType', value='ELECTABLE'}, Tag{name='provider', value='AWS'}, Tag{name='region', value='AP_NORTHEAST_2'}, Tag{name='workloadType', value='OPERATIONAL'}]}, electionId=null, setVersion=12, topologyVersion=TopologyVersion{processId=6890de1b4b883a34827e6fe0, counter=4}, lastWriteDate=Thu Aug 07 05:39:53 KST 2025, lastUpdateTimeNanos=1386197264945916}
2025-08-07 05:39:54.497 [ INFO] [cluster-ClusterId{value='689344e0a532e954cdcaf1fb', description='null'}-cluster-shard-00-02.0mtmr.mongodb.net:27017] org.mongodb.driver.cluster - Exception in monitor thread while connecting to server cluster-shard-00-02.0mtmr.mongodb.net:27017
com.mongodb.MongoSocketReadTimeoutException: Timeout while receiving message
	at com.mongodb.internal.connection.AsynchronousChannelStream$BasicCompletionHandler.failed(AsynchronousChannelStream.java:265)
	at com.mongodb.internal.connection.AsynchronousChannelStream$BasicCompletionHandler.failed(AsynchronousChannelStream.java:235)
	at com.mongodb.internal.connection.tlschannel.async.AsynchronousTlsChannel.lambda$read$6(AsynchronousTlsChannel.java:123)
	at java.base/java.util.concurrent.Executors$RunnableAdapter.call(Executors.java:572)
	at java.base/java.util.concurrent.FutureTask.run$$$capture(FutureTask.java:317)
	at java.base/java.util.concurrent.FutureTask.run(FutureTask.java)
	at java.base/java.util.concurrent.ThreadPoolExecutor.runWorker(ThreadPoolExecutor.java:1144)
	at java.base/java.util.concurrent.ThreadPoolExecutor$Worker.run(ThreadPoolExecutor.java:642)
	at java.base/java.lang.Thread.run(Thread.java:1583)
Caused by: java.nio.channels.InterruptedByTimeoutException: null
	at com.mongodb.internal.connection.tlschannel.async.AsynchronousTlsChannelGroup.lambda$startRead$2(AsynchronousTlsChannelGroup.java:310)
	at java.base/java.util.concurrent.Executors$RunnableAdapter.call(Executors.java:572)
	at java.base/java.util.concurrent.FutureTask.run$$$capture(FutureTask.java:317)
	at java.base/java.util.concurrent.FutureTask.run(FutureTask.java)
	at java.base/java.util.concurrent.ScheduledThreadPoolExecutor$ScheduledFutureTask.run(ScheduledThreadPoolExecutor.java:304)
	... 3 common frames omitted
2025-08-07 05:39:54.564 [ INFO] [cluster-ClusterId{value='689344e0a532e954cdcaf1fb', description='null'}-cluster-shard-00-02.0mtmr.mongodb.net:27017] org.mongodb.driver.cluster - Monitor thread successfully connected to server with description ServerDescription{address=cluster-shard-00-02.0mtmr.mongodb.net:27017, type=REPLICA_SET_SECONDARY, state=CONNECTED, ok=true, minWireVersion=0, maxWireVersion=25, maxDocumentSize=16777216, logicalSessionTimeoutMinutes=30, roundTripTimeNanos=50412417, setName='atlas-2baa9v-shard-0', canonicalAddress=cluster-shard-00-02.0mtmr.mongodb.net:27017, hosts=[cluster-shard-00-00.0mtmr.mongodb.net:27017, cluster-shard-00-01.0mtmr.mongodb.net:27017, cluster-shard-00-02.0mtmr.mongodb.net:27017], passives=[], arbiters=[], primary='cluster-shard-00-01.0mtmr.mongodb.net:27017', tagSet=TagSet{[Tag{name='availabilityZone', value='apne2-az2'}, Tag{name='diskState', value='READY'}, Tag{name='nodeType', value='ELECTABLE'}, Tag{name='provider', value='AWS'}, Tag{name='region', value='AP_NORTHEAST_2'}, Tag{name='workloadType', value='OPERATIONAL'}]}, electionId=null, setVersion=12, topologyVersion=TopologyVersion{processId=6890e37e87ac451b2c164177, counter=3}, lastWriteDate=Thu Aug 07 05:39:54 KST 2025, lastUpdateTimeNanos=1386198075710666}
2025-08-07 05:39:54.815 [ INFO] [cluster-ClusterId{value='689344e0a532e954cdcaf1fb', description='null'}-cluster-shard-00-01.0mtmr.mongodb.net:27017] org.mongodb.driver.cluster - Exception in monitor thread while connecting to server cluster-shard-00-01.0mtmr.mongodb.net:27017
com.mongodb.MongoSocketReadTimeoutException: Timeout while receiving message
	at com.mongodb.internal.connection.AsynchronousChannelStream$BasicCompletionHandler.failed(AsynchronousChannelStream.java:265)
	at com.mongodb.internal.connection.AsynchronousChannelStream$BasicCompletionHandler.failed(AsynchronousChannelStream.java:235)
	at com.mongodb.internal.connection.tlschannel.async.AsynchronousTlsChannel.lambda$read$6(AsynchronousTlsChannel.java:123)
	at java.base/java.util.concurrent.Executors$RunnableAdapter.call(Executors.java:572)
	at java.base/java.util.concurrent.FutureTask.run$$$capture(FutureTask.java:317)
	at java.base/java.util.concurrent.FutureTask.run(FutureTask.java)
	at java.base/java.util.concurrent.ThreadPoolExecutor.runWorker(ThreadPoolExecutor.java:1144)
	at java.base/java.util.concurrent.ThreadPoolExecutor$Worker.run(ThreadPoolExecutor.java:642)
	at java.base/java.lang.Thread.run(Thread.java:1583)
Caused by: java.nio.channels.InterruptedByTimeoutException: null
	at com.mongodb.internal.connection.tlschannel.async.AsynchronousTlsChannelGroup.lambda$startRead$2(AsynchronousTlsChannelGroup.java:310)
	at java.base/java.util.concurrent.Executors$RunnableAdapter.call(Executors.java:572)
	at java.base/java.util.concurrent.FutureTask.run$$$capture(FutureTask.java:317)
	at java.base/java.util.concurrent.FutureTask.run(FutureTask.java)
	at java.base/java.util.concurrent.ScheduledThreadPoolExecutor$ScheduledFutureTask.run(ScheduledThreadPoolExecutor.java:304)
	... 3 common frames omitted
2025-08-07 05:39:54.883 [ INFO] [cluster-ClusterId{value='689344e0a532e954cdcaf1fb', description='null'}-cluster-shard-00-01.0mtmr.mongodb.net:27017] org.mongodb.driver.cluster - Monitor thread successfully connected to server with description ServerDescription{address=cluster-shard-00-01.0mtmr.mongodb.net:27017, type=REPLICA_SET_PRIMARY, state=CONNECTED, ok=true, minWireVersion=0, maxWireVersion=25, maxDocumentSize=16777216, logicalSessionTimeoutMinutes=30, roundTripTimeNanos=50643250, setName='atlas-2baa9v-shard-0', canonicalAddress=cluster-shard-00-01.0mtmr.mongodb.net:27017, hosts=[cluster-shard-00-00.0mtmr.mongodb.net:27017, cluster-shard-00-01.0mtmr.mongodb.net:27017, cluster-shard-00-02.0mtmr.mongodb.net:27017], passives=[], arbiters=[], primary='cluster-shard-00-01.0mtmr.mongodb.net:27017', tagSet=TagSet{[Tag{name='availabilityZone', value='apne2-az3'}, Tag{name='diskState', value='READY'}, Tag{name='nodeType', value='ELECTABLE'}, Tag{name='provider', value='AWS'}, Tag{name='region', value='AP_NORTHEAST_2'}, Tag{name='workloadType', value='OPERATIONAL'}]}, electionId=7fffffff0000000000000096, setVersion=12, topologyVersion=TopologyVersion{processId=6890e09a669a1e8fa262dc09, counter=6}, lastWriteDate=Thu Aug 07 05:39:54 KST 2025, lastUpdateTimeNanos=1386198394834624}
2025-08-07 05:39:54.885 [ INFO] [cluster-ClusterId{value='689344e0a532e954cdcaf1fb', description='null'}-cluster-shard-00-01.0mtmr.mongodb.net:27017] org.mongodb.driver.cluster - Discovered replica set primary cluster-shard-00-01.0mtmr.mongodb.net:27017 with max election id 7fffffff0000000000000096 and max set version 12
2025-08-07 05:51:46.694 [ INFO] [cluster-ClusterId{value='689344e0a532e954cdcaf1fb', description='null'}-cluster-shard-00-02.0mtmr.mongodb.net:27017] org.mongodb.driver.cluster - Exception in monitor thread while connecting to server cluster-shard-00-02.0mtmr.mongodb.net:27017
com.mongodb.MongoSocketReadTimeoutException: Timeout while receiving message
	at com.mongodb.internal.connection.AsynchronousChannelStream$BasicCompletionHandler.failed(AsynchronousChannelStream.java:265)
	at com.mongodb.internal.connection.AsynchronousChannelStream$BasicCompletionHandler.failed(AsynchronousChannelStream.java:235)
	at com.mongodb.internal.connection.tlschannel.async.AsynchronousTlsChannel.lambda$read$6(AsynchronousTlsChannel.java:123)
	at java.base/java.util.concurrent.Executors$RunnableAdapter.call(Executors.java:572)
	at java.base/java.util.concurrent.FutureTask.run$$$capture(FutureTask.java:317)
	at java.base/java.util.concurrent.FutureTask.run(FutureTask.java)
	at java.base/java.util.concurrent.ThreadPoolExecutor.runWorker(ThreadPoolExecutor.java:1144)
	at java.base/java.util.concurrent.ThreadPoolExecutor$Worker.run(ThreadPoolExecutor.java:642)
	at java.base/java.lang.Thread.run(Thread.java:1583)
Caused by: java.nio.channels.InterruptedByTimeoutException: null
	at com.mongodb.internal.connection.tlschannel.async.AsynchronousTlsChannelGroup.lambda$startRead$2(AsynchronousTlsChannelGroup.java:310)
	at java.base/java.util.concurrent.Executors$RunnableAdapter.call(Executors.java:572)
	at java.base/java.util.concurrent.FutureTask.run$$$capture(FutureTask.java:317)
	at java.base/java.util.concurrent.FutureTask.run(FutureTask.java)
	at java.base/java.util.concurrent.ScheduledThreadPoolExecutor$ScheduledFutureTask.run(ScheduledThreadPoolExecutor.java:304)
	... 3 common frames omitted
2025-08-07 05:51:46.767 [ INFO] [cluster-ClusterId{value='689344e0a532e954cdcaf1fb', description='null'}-cluster-shard-00-02.0mtmr.mongodb.net:27017] org.mongodb.driver.cluster - Monitor thread successfully connected to server with description ServerDescription{address=cluster-shard-00-02.0mtmr.mongodb.net:27017, type=REPLICA_SET_SECONDARY, state=CONNECTED, ok=true, minWireVersion=0, maxWireVersion=25, maxDocumentSize=16777216, logicalSessionTimeoutMinutes=30, roundTripTimeNanos=49769875, setName='atlas-2baa9v-shard-0', canonicalAddress=cluster-shard-00-02.0mtmr.mongodb.net:27017, hosts=[cluster-shard-00-00.0mtmr.mongodb.net:27017, cluster-shard-00-01.0mtmr.mongodb.net:27017, cluster-shard-00-02.0mtmr.mongodb.net:27017], passives=[], arbiters=[], primary='cluster-shard-00-01.0mtmr.mongodb.net:27017', tagSet=TagSet{[Tag{name='availabilityZone', value='apne2-az2'}, Tag{name='diskState', value='READY'}, Tag{name='nodeType', value='ELECTABLE'}, Tag{name='provider', value='AWS'}, Tag{name='region', value='AP_NORTHEAST_2'}, Tag{name='workloadType', value='OPERATIONAL'}]}, electionId=null, setVersion=12, topologyVersion=TopologyVersion{processId=6890e37e87ac451b2c164177, counter=3}, lastWriteDate=Thu Aug 07 05:51:46 KST 2025, lastUpdateTimeNanos=1386218155525249}
2025-08-07 05:51:47.015 [ INFO] [cluster-ClusterId{value='689344e0a532e954cdcaf1fb', description='null'}-cluster-shard-00-01.0mtmr.mongodb.net:27017] org.mongodb.driver.cluster - Exception in monitor thread while connecting to server cluster-shard-00-01.0mtmr.mongodb.net:27017
com.mongodb.MongoSocketReadTimeoutException: Timeout while receiving message
	at com.mongodb.internal.connection.AsynchronousChannelStream$BasicCompletionHandler.failed(AsynchronousChannelStream.java:265)
	at com.mongodb.internal.connection.AsynchronousChannelStream$BasicCompletionHandler.failed(AsynchronousChannelStream.java:235)
	at com.mongodb.internal.connection.tlschannel.async.AsynchronousTlsChannel.lambda$read$6(AsynchronousTlsChannel.java:123)
	at java.base/java.util.concurrent.Executors$RunnableAdapter.call(Executors.java:572)
	at java.base/java.util.concurrent.FutureTask.run$$$capture(FutureTask.java:317)
	at java.base/java.util.concurrent.FutureTask.run(FutureTask.java)
	at java.base/java.util.concurrent.ThreadPoolExecutor.runWorker(ThreadPoolExecutor.java:1144)
	at java.base/java.util.concurrent.ThreadPoolExecutor$Worker.run(ThreadPoolExecutor.java:642)
	at java.base/java.lang.Thread.run(Thread.java:1583)
Caused by: java.nio.channels.InterruptedByTimeoutException: null
	at com.mongodb.internal.connection.tlschannel.async.AsynchronousTlsChannelGroup.lambda$startRead$2(AsynchronousTlsChannelGroup.java:310)
	at java.base/java.util.concurrent.Executors$RunnableAdapter.call(Executors.java:572)
	at java.base/java.util.concurrent.FutureTask.run$$$capture(FutureTask.java:317)
	at java.base/java.util.concurrent.FutureTask.run(FutureTask.java)
	at java.base/java.util.concurrent.ScheduledThreadPoolExecutor$ScheduledFutureTask.run(ScheduledThreadPoolExecutor.java:304)
	... 3 common frames omitted
2025-08-07 05:51:47.076 [ INFO] [cluster-ClusterId{value='689344e0a532e954cdcaf1fb', description='null'}-cluster-shard-00-01.0mtmr.mongodb.net:27017] org.mongodb.driver.cluster - Monitor thread successfully connected to server with description ServerDescription{address=cluster-shard-00-01.0mtmr.mongodb.net:27017, type=REPLICA_SET_PRIMARY, state=CONNECTED, ok=true, minWireVersion=0, maxWireVersion=25, maxDocumentSize=16777216, logicalSessionTimeoutMinutes=30, roundTripTimeNanos=36969458, setName='atlas-2baa9v-shard-0', canonicalAddress=cluster-shard-00-01.0mtmr.mongodb.net:27017, hosts=[cluster-shard-00-00.0mtmr.mongodb.net:27017, cluster-shard-00-01.0mtmr.mongodb.net:27017, cluster-shard-00-02.0mtmr.mongodb.net:27017], passives=[], arbiters=[], primary='cluster-shard-00-01.0mtmr.mongodb.net:27017', tagSet=TagSet{[Tag{name='availabilityZone', value='apne2-az3'}, Tag{name='diskState', value='READY'}, Tag{name='nodeType', value='ELECTABLE'}, Tag{name='provider', value='AWS'}, Tag{name='region', value='AP_NORTHEAST_2'}, Tag{name='workloadType', value='OPERATIONAL'}]}, electionId=7fffffff0000000000000096, setVersion=12, topologyVersion=TopologyVersion{processId=6890e09a669a1e8fa262dc09, counter=6}, lastWriteDate=Thu Aug 07 05:51:47 KST 2025, lastUpdateTimeNanos=1386218465779832}
2025-08-07 05:51:47.077 [ INFO] [cluster-ClusterId{value='689344e0a532e954cdcaf1fb', description='null'}-cluster-shard-00-01.0mtmr.mongodb.net:27017] org.mongodb.driver.cluster - Discovered replica set primary cluster-shard-00-01.0mtmr.mongodb.net:27017 with max election id 7fffffff0000000000000096 and max set version 12
2025-08-07 05:51:55.894 [ INFO] [cluster-ClusterId{value='689344e0a532e954cdcaf1fb', description='null'}-cluster-shard-00-00.0mtmr.mongodb.net:27017] org.mongodb.driver.cluster - Exception in monitor thread while connecting to server cluster-shard-00-00.0mtmr.mongodb.net:27017
com.mongodb.MongoSocketReadTimeoutException: Timeout while receiving message
	at com.mongodb.internal.connection.AsynchronousChannelStream$BasicCompletionHandler.failed(AsynchronousChannelStream.java:265)
	at com.mongodb.internal.connection.AsynchronousChannelStream$BasicCompletionHandler.failed(AsynchronousChannelStream.java:235)
	at com.mongodb.internal.connection.tlschannel.async.AsynchronousTlsChannel.lambda$read$6(AsynchronousTlsChannel.java:123)
	at java.base/java.util.concurrent.Executors$RunnableAdapter.call(Executors.java:572)
	at java.base/java.util.concurrent.FutureTask.run$$$capture(FutureTask.java:317)
	at java.base/java.util.concurrent.FutureTask.run(FutureTask.java)
	at java.base/java.util.concurrent.ThreadPoolExecutor.runWorker(ThreadPoolExecutor.java:1144)
	at java.base/java.util.concurrent.ThreadPoolExecutor$Worker.run(ThreadPoolExecutor.java:642)
	at java.base/java.lang.Thread.run(Thread.java:1583)
Caused by: java.nio.channels.InterruptedByTimeoutException: null
	at com.mongodb.internal.connection.tlschannel.async.AsynchronousTlsChannelGroup.lambda$startRead$2(AsynchronousTlsChannelGroup.java:310)
	at java.base/java.util.concurrent.Executors$RunnableAdapter.call(Executors.java:572)
	at java.base/java.util.concurrent.FutureTask.run$$$capture(FutureTask.java:317)
	at java.base/java.util.concurrent.FutureTask.run(FutureTask.java)
	at java.base/java.util.concurrent.ScheduledThreadPoolExecutor$ScheduledFutureTask.run(ScheduledThreadPoolExecutor.java:304)
	... 3 common frames omitted
2025-08-07 05:51:55.968 [ INFO] [cluster-ClusterId{value='689344e0a532e954cdcaf1fb', description='null'}-cluster-shard-00-00.0mtmr.mongodb.net:27017] org.mongodb.driver.cluster - Monitor thread successfully connected to server with description ServerDescription{address=cluster-shard-00-00.0mtmr.mongodb.net:27017, type=REPLICA_SET_SECONDARY, state=CONNECTED, ok=true, minWireVersion=0, maxWireVersion=25, maxDocumentSize=16777216, logicalSessionTimeoutMinutes=30, roundTripTimeNanos=39865375, setName='atlas-2baa9v-shard-0', canonicalAddress=cluster-shard-00-00.0mtmr.mongodb.net:27017, hosts=[cluster-shard-00-00.0mtmr.mongodb.net:27017, cluster-shard-00-01.0mtmr.mongodb.net:27017, cluster-shard-00-02.0mtmr.mongodb.net:27017], passives=[], arbiters=[], primary='cluster-shard-00-01.0mtmr.mongodb.net:27017', tagSet=TagSet{[Tag{name='availabilityZone', value='apne2-az1'}, Tag{name='diskState', value='READY'}, Tag{name='nodeType', value='ELECTABLE'}, Tag{name='provider', value='AWS'}, Tag{name='region', value='AP_NORTHEAST_2'}, Tag{name='workloadType', value='OPERATIONAL'}]}, electionId=null, setVersion=12, topologyVersion=TopologyVersion{processId=6890de1b4b883a34827e6fe0, counter=4}, lastWriteDate=Thu Aug 07 05:51:55 KST 2025, lastUpdateTimeNanos=1386227366325291}
2025-08-07 07:15:27.615 [ INFO] [cluster-ClusterId{value='689344e0a532e954cdcaf1fb', description='null'}-cluster-shard-00-00.0mtmr.mongodb.net:27017] org.mongodb.driver.cluster - Exception in monitor thread while connecting to server cluster-shard-00-00.0mtmr.mongodb.net:27017
com.mongodb.MongoSocketReadTimeoutException: Timeout while receiving message
	at com.mongodb.internal.connection.AsynchronousChannelStream$BasicCompletionHandler.failed(AsynchronousChannelStream.java:265)
	at com.mongodb.internal.connection.AsynchronousChannelStream$BasicCompletionHandler.failed(AsynchronousChannelStream.java:235)
	at com.mongodb.internal.connection.tlschannel.async.AsynchronousTlsChannel.lambda$read$6(AsynchronousTlsChannel.java:123)
	at java.base/java.util.concurrent.Executors$RunnableAdapter.call(Executors.java:572)
	at java.base/java.util.concurrent.FutureTask.run$$$capture(FutureTask.java:317)
	at java.base/java.util.concurrent.FutureTask.run(FutureTask.java)
	at java.base/java.util.concurrent.ThreadPoolExecutor.runWorker(ThreadPoolExecutor.java:1144)
	at java.base/java.util.concurrent.ThreadPoolExecutor$Worker.run(ThreadPoolExecutor.java:642)
	at java.base/java.lang.Thread.run(Thread.java:1583)
Caused by: java.nio.channels.InterruptedByTimeoutException: null
	at com.mongodb.internal.connection.tlschannel.async.AsynchronousTlsChannelGroup.lambda$startRead$2(AsynchronousTlsChannelGroup.java:310)
	at java.base/java.util.concurrent.Executors$RunnableAdapter.call(Executors.java:572)
	at java.base/java.util.concurrent.FutureTask.run$$$capture(FutureTask.java:317)
	at java.base/java.util.concurrent.FutureTask.run(FutureTask.java)
	at java.base/java.util.concurrent.ScheduledThreadPoolExecutor$ScheduledFutureTask.run(ScheduledThreadPoolExecutor.java:304)
	... 3 common frames omitted
2025-08-07 07:15:27.675 [ INFO] [cluster-ClusterId{value='689344e0a532e954cdcaf1fb', description='null'}-cluster-shard-00-00.0mtmr.mongodb.net:27017] org.mongodb.driver.cluster - Monitor thread successfully connected to server with description ServerDescription{address=cluster-shard-00-00.0mtmr.mongodb.net:27017, type=REPLICA_SET_SECONDARY, state=CONNECTED, ok=true, minWireVersion=0, maxWireVersion=25, maxDocumentSize=16777216, logicalSessionTimeoutMinutes=30, roundTripTimeNanos=40110833, setName='atlas-2baa9v-shard-0', canonicalAddress=cluster-shard-00-00.0mtmr.mongodb.net:27017, hosts=[cluster-shard-00-00.0mtmr.mongodb.net:27017, cluster-shard-00-01.0mtmr.mongodb.net:27017, cluster-shard-00-02.0mtmr.mongodb.net:27017], passives=[], arbiters=[], primary='cluster-shard-00-01.0mtmr.mongodb.net:27017', tagSet=TagSet{[Tag{name='availabilityZone', value='apne2-az1'}, Tag{name='diskState', value='READY'}, Tag{name='nodeType', value='ELECTABLE'}, Tag{name='provider', value='AWS'}, Tag{name='region', value='AP_NORTHEAST_2'}, Tag{name='workloadType', value='OPERATIONAL'}]}, electionId=null, setVersion=12, topologyVersion=TopologyVersion{processId=6890de1b4b883a34827e6fe0, counter=4}, lastWriteDate=Thu Aug 07 07:15:27 KST 2025, lastUpdateTimeNanos=1386247436052916}
2025-08-07 07:15:28.443 [ INFO] [cluster-ClusterId{value='689344e0a532e954cdcaf1fb', description='null'}-cluster-shard-00-02.0mtmr.mongodb.net:27017] org.mongodb.driver.cluster - Exception in monitor thread while connecting to server cluster-shard-00-02.0mtmr.mongodb.net:27017
com.mongodb.MongoSocketReadTimeoutException: Timeout while receiving message
	at com.mongodb.internal.connection.AsynchronousChannelStream$BasicCompletionHandler.failed(AsynchronousChannelStream.java:265)
	at com.mongodb.internal.connection.AsynchronousChannelStream$BasicCompletionHandler.failed(AsynchronousChannelStream.java:235)
	at com.mongodb.internal.connection.tlschannel.async.AsynchronousTlsChannel.lambda$read$6(AsynchronousTlsChannel.java:123)
	at java.base/java.util.concurrent.Executors$RunnableAdapter.call(Executors.java:572)
	at java.base/java.util.concurrent.FutureTask.run$$$capture(FutureTask.java:317)
	at java.base/java.util.concurrent.FutureTask.run(FutureTask.java)
	at java.base/java.util.concurrent.ThreadPoolExecutor.runWorker(ThreadPoolExecutor.java:1144)
	at java.base/java.util.concurrent.ThreadPoolExecutor$Worker.run(ThreadPoolExecutor.java:642)
	at java.base/java.lang.Thread.run(Thread.java:1583)
Caused by: java.nio.channels.InterruptedByTimeoutException: null
	at com.mongodb.internal.connection.tlschannel.async.AsynchronousTlsChannelGroup.lambda$startRead$2(AsynchronousTlsChannelGroup.java:310)
	at java.base/java.util.concurrent.Executors$RunnableAdapter.call(Executors.java:572)
	at java.base/java.util.concurrent.FutureTask.run$$$capture(FutureTask.java:317)
	at java.base/java.util.concurrent.FutureTask.run(FutureTask.java)
	at java.base/java.util.concurrent.ScheduledThreadPoolExecutor$ScheduledFutureTask.run(ScheduledThreadPoolExecutor.java:304)
	... 3 common frames omitted
2025-08-07 07:15:28.518 [ INFO] [cluster-ClusterId{value='689344e0a532e954cdcaf1fb', description='null'}-cluster-shard-00-02.0mtmr.mongodb.net:27017] org.mongodb.driver.cluster - Monitor thread successfully connected to server with description ServerDescription{address=cluster-shard-00-02.0mtmr.mongodb.net:27017, type=REPLICA_SET_SECONDARY, state=CONNECTED, ok=true, minWireVersion=0, maxWireVersion=25, maxDocumentSize=16777216, logicalSessionTimeoutMinutes=30, roundTripTimeNanos=50999750, setName='atlas-2baa9v-shard-0', canonicalAddress=cluster-shard-00-02.0mtmr.mongodb.net:27017, hosts=[cluster-shard-00-00.0mtmr.mongodb.net:27017, cluster-shard-00-01.0mtmr.mongodb.net:27017, cluster-shard-00-02.0mtmr.mongodb.net:27017], passives=[], arbiters=[], primary='cluster-shard-00-01.0mtmr.mongodb.net:27017', tagSet=TagSet{[Tag{name='availabilityZone', value='apne2-az2'}, Tag{name='diskState', value='READY'}, Tag{name='nodeType', value='ELECTABLE'}, Tag{name='provider', value='AWS'}, Tag{name='region', value='AP_NORTHEAST_2'}, Tag{name='workloadType', value='OPERATIONAL'}]}, electionId=null, setVersion=12, topologyVersion=TopologyVersion{processId=6890e37e87ac451b2c164177, counter=3}, lastWriteDate=Thu Aug 07 07:15:28 KST 2025, lastUpdateTimeNanos=1386248278771708}
2025-08-07 07:15:28.743 [ INFO] [cluster-ClusterId{value='689344e0a532e954cdcaf1fb', description='null'}-cluster-shard-00-01.0mtmr.mongodb.net:27017] org.mongodb.driver.cluster - Exception in monitor thread while connecting to server cluster-shard-00-01.0mtmr.mongodb.net:27017
com.mongodb.MongoSocketReadTimeoutException: Timeout while receiving message
	at com.mongodb.internal.connection.AsynchronousChannelStream$BasicCompletionHandler.failed(AsynchronousChannelStream.java:265)
	at com.mongodb.internal.connection.AsynchronousChannelStream$BasicCompletionHandler.failed(AsynchronousChannelStream.java:235)
	at com.mongodb.internal.connection.tlschannel.async.AsynchronousTlsChannel.lambda$read$6(AsynchronousTlsChannel.java:123)
	at java.base/java.util.concurrent.Executors$RunnableAdapter.call(Executors.java:572)
	at java.base/java.util.concurrent.FutureTask.run$$$capture(FutureTask.java:317)
	at java.base/java.util.concurrent.FutureTask.run(FutureTask.java)
	at java.base/java.util.concurrent.ThreadPoolExecutor.runWorker(ThreadPoolExecutor.java:1144)
	at java.base/java.util.concurrent.ThreadPoolExecutor$Worker.run(ThreadPoolExecutor.java:642)
	at java.base/java.lang.Thread.run(Thread.java:1583)
Caused by: java.nio.channels.InterruptedByTimeoutException: null
	at com.mongodb.internal.connection.tlschannel.async.AsynchronousTlsChannelGroup.lambda$startRead$2(AsynchronousTlsChannelGroup.java:310)
	at java.base/java.util.concurrent.Executors$RunnableAdapter.call(Executors.java:572)
	at java.base/java.util.concurrent.FutureTask.run$$$capture(FutureTask.java:317)
	at java.base/java.util.concurrent.FutureTask.run(FutureTask.java)
	at java.base/java.util.concurrent.ScheduledThreadPoolExecutor$ScheduledFutureTask.run(ScheduledThreadPoolExecutor.java:304)
	... 3 common frames omitted
2025-08-07 07:15:28.826 [ INFO] [cluster-ClusterId{value='689344e0a532e954cdcaf1fb', description='null'}-cluster-shard-00-01.0mtmr.mongodb.net:27017] org.mongodb.driver.cluster - Monitor thread successfully connected to server with description ServerDescription{address=cluster-shard-00-01.0mtmr.mongodb.net:27017, type=REPLICA_SET_PRIMARY, state=CONNECTED, ok=true, minWireVersion=0, maxWireVersion=25, maxDocumentSize=16777216, logicalSessionTimeoutMinutes=30, roundTripTimeNanos=60504500, setName='atlas-2baa9v-shard-0', canonicalAddress=cluster-shard-00-01.0mtmr.mongodb.net:27017, hosts=[cluster-shard-00-00.0mtmr.mongodb.net:27017, cluster-shard-00-01.0mtmr.mongodb.net:27017, cluster-shard-00-02.0mtmr.mongodb.net:27017], passives=[], arbiters=[], primary='cluster-shard-00-01.0mtmr.mongodb.net:27017', tagSet=TagSet{[Tag{name='availabilityZone', value='apne2-az3'}, Tag{name='diskState', value='READY'}, Tag{name='nodeType', value='ELECTABLE'}, Tag{name='provider', value='AWS'}, Tag{name='region', value='AP_NORTHEAST_2'}, Tag{name='workloadType', value='OPERATIONAL'}]}, electionId=7fffffff0000000000000096, setVersion=12, topologyVersion=TopologyVersion{processId=6890e09a669a1e8fa262dc09, counter=6}, lastWriteDate=Thu Aug 07 07:15:28 KST 2025, lastUpdateTimeNanos=1386248586497458}
2025-08-07 07:15:28.827 [ INFO] [cluster-ClusterId{value='689344e0a532e954cdcaf1fb', description='null'}-cluster-shard-00-01.0mtmr.mongodb.net:27017] org.mongodb.driver.cluster - Discovered replica set primary cluster-shard-00-01.0mtmr.mongodb.net:27017 with max election id 7fffffff0000000000000096 and max set version 12
2025-08-07 07:44:08.738 [ INFO] [cluster-ClusterId{value='689344e0a532e954cdcaf1fb', description='null'}-cluster-shard-00-00.0mtmr.mongodb.net:27017] org.mongodb.driver.cluster - Exception in monitor thread while connecting to server cluster-shard-00-00.0mtmr.mongodb.net:27017
com.mongodb.MongoSocketReadTimeoutException: Timeout while receiving message
	at com.mongodb.internal.connection.AsynchronousChannelStream$BasicCompletionHandler.failed(AsynchronousChannelStream.java:265)
	at com.mongodb.internal.connection.AsynchronousChannelStream$BasicCompletionHandler.failed(AsynchronousChannelStream.java:235)
	at com.mongodb.internal.connection.tlschannel.async.AsynchronousTlsChannel.lambda$read$6(AsynchronousTlsChannel.java:123)
	at java.base/java.util.concurrent.Executors$RunnableAdapter.call(Executors.java:572)
	at java.base/java.util.concurrent.FutureTask.run$$$capture(FutureTask.java:317)
	at java.base/java.util.concurrent.FutureTask.run(FutureTask.java)
	at java.base/java.util.concurrent.ThreadPoolExecutor.runWorker(ThreadPoolExecutor.java:1144)
	at java.base/java.util.concurrent.ThreadPoolExecutor$Worker.run(ThreadPoolExecutor.java:642)
	at java.base/java.lang.Thread.run(Thread.java:1583)
Caused by: java.nio.channels.InterruptedByTimeoutException: null
	at com.mongodb.internal.connection.tlschannel.async.AsynchronousTlsChannelGroup.lambda$startRead$2(AsynchronousTlsChannelGroup.java:310)
	at java.base/java.util.concurrent.Executors$RunnableAdapter.call(Executors.java:572)
	at java.base/java.util.concurrent.FutureTask.run$$$capture(FutureTask.java:317)
	at java.base/java.util.concurrent.FutureTask.run(FutureTask.java)
	at java.base/java.util.concurrent.ScheduledThreadPoolExecutor$ScheduledFutureTask.run(ScheduledThreadPoolExecutor.java:304)
	... 3 common frames omitted
2025-08-07 07:44:08.804 [ INFO] [cluster-ClusterId{value='689344e0a532e954cdcaf1fb', description='null'}-cluster-shard-00-00.0mtmr.mongodb.net:27017] org.mongodb.driver.cluster - Monitor thread successfully connected to server with description ServerDescription{address=cluster-shard-00-00.0mtmr.mongodb.net:27017, type=REPLICA_SET_SECONDARY, state=CONNECTED, ok=true, minWireVersion=0, maxWireVersion=25, maxDocumentSize=16777216, logicalSessionTimeoutMinutes=30, roundTripTimeNanos=40018041, setName='atlas-2baa9v-shard-0', canonicalAddress=cluster-shard-00-00.0mtmr.mongodb.net:27017, hosts=[cluster-shard-00-00.0mtmr.mongodb.net:27017, cluster-shard-00-01.0mtmr.mongodb.net:27017, cluster-shard-00-02.0mtmr.mongodb.net:27017], passives=[], arbiters=[], primary='cluster-shard-00-01.0mtmr.mongodb.net:27017', tagSet=TagSet{[Tag{name='availabilityZone', value='apne2-az1'}, Tag{name='diskState', value='READY'}, Tag{name='nodeType', value='ELECTABLE'}, Tag{name='provider', value='AWS'}, Tag{name='region', value='AP_NORTHEAST_2'}, Tag{name='workloadType', value='OPERATIONAL'}]}, electionId=null, setVersion=12, topologyVersion=TopologyVersion{processId=6890de1b4b883a34827e6fe0, counter=4}, lastWriteDate=Thu Aug 07 07:44:08 KST 2025, lastUpdateTimeNanos=1386287539763332}
2025-08-07 07:44:09.575 [ INFO] [cluster-ClusterId{value='689344e0a532e954cdcaf1fb', description='null'}-cluster-shard-00-02.0mtmr.mongodb.net:27017] org.mongodb.driver.cluster - Exception in monitor thread while connecting to server cluster-shard-00-02.0mtmr.mongodb.net:27017
com.mongodb.MongoSocketReadTimeoutException: Timeout while receiving message
	at com.mongodb.internal.connection.AsynchronousChannelStream$BasicCompletionHandler.failed(AsynchronousChannelStream.java:265)
	at com.mongodb.internal.connection.AsynchronousChannelStream$BasicCompletionHandler.failed(AsynchronousChannelStream.java:235)
	at com.mongodb.internal.connection.tlschannel.async.AsynchronousTlsChannel.lambda$read$6(AsynchronousTlsChannel.java:123)
	at java.base/java.util.concurrent.Executors$RunnableAdapter.call(Executors.java:572)
	at java.base/java.util.concurrent.FutureTask.run$$$capture(FutureTask.java:317)
	at java.base/java.util.concurrent.FutureTask.run(FutureTask.java)
	at java.base/java.util.concurrent.ThreadPoolExecutor.runWorker(ThreadPoolExecutor.java:1144)
	at java.base/java.util.concurrent.ThreadPoolExecutor$Worker.run(ThreadPoolExecutor.java:642)
	at java.base/java.lang.Thread.run(Thread.java:1583)
Caused by: java.nio.channels.InterruptedByTimeoutException: null
	at com.mongodb.internal.connection.tlschannel.async.AsynchronousTlsChannelGroup.lambda$startRead$2(AsynchronousTlsChannelGroup.java:310)
	at java.base/java.util.concurrent.Executors$RunnableAdapter.call(Executors.java:572)
	at java.base/java.util.concurrent.FutureTask.run$$$capture(FutureTask.java:317)
	at java.base/java.util.concurrent.FutureTask.run(FutureTask.java)
	at java.base/java.util.concurrent.ScheduledThreadPoolExecutor$ScheduledFutureTask.run(ScheduledThreadPoolExecutor.java:304)
	... 3 common frames omitted
2025-08-07 07:44:09.643 [ INFO] [cluster-ClusterId{value='689344e0a532e954cdcaf1fb', description='null'}-cluster-shard-00-02.0mtmr.mongodb.net:27017] org.mongodb.driver.cluster - Monitor thread successfully connected to server with description ServerDescription{address=cluster-shard-00-02.0mtmr.mongodb.net:27017, type=REPLICA_SET_SECONDARY, state=CONNECTED, ok=true, minWireVersion=0, maxWireVersion=25, maxDocumentSize=16777216, logicalSessionTimeoutMinutes=30, roundTripTimeNanos=39284291, setName='atlas-2baa9v-shard-0', canonicalAddress=cluster-shard-00-02.0mtmr.mongodb.net:27017, hosts=[cluster-shard-00-00.0mtmr.mongodb.net:27017, cluster-shard-00-01.0mtmr.mongodb.net:27017, cluster-shard-00-02.0mtmr.mongodb.net:27017], passives=[], arbiters=[], primary='cluster-shard-00-01.0mtmr.mongodb.net:27017', tagSet=TagSet{[Tag{name='availabilityZone', value='apne2-az2'}, Tag{name='diskState', value='READY'}, Tag{name='nodeType', value='ELECTABLE'}, Tag{name='provider', value='AWS'}, Tag{name='region', value='AP_NORTHEAST_2'}, Tag{name='workloadType', value='OPERATIONAL'}]}, electionId=null, setVersion=12, topologyVersion=TopologyVersion{processId=6890e37e87ac451b2c164177, counter=3}, lastWriteDate=Thu Aug 07 07:44:09 KST 2025, lastUpdateTimeNanos=1386288379720832}
2025-08-07 07:44:09.906 [ INFO] [cluster-ClusterId{value='689344e0a532e954cdcaf1fb', description='null'}-cluster-shard-00-01.0mtmr.mongodb.net:27017] org.mongodb.driver.cluster - Exception in monitor thread while connecting to server cluster-shard-00-01.0mtmr.mongodb.net:27017
com.mongodb.MongoSocketReadTimeoutException: Timeout while receiving message
	at com.mongodb.internal.connection.AsynchronousChannelStream$BasicCompletionHandler.failed(AsynchronousChannelStream.java:265)
	at com.mongodb.internal.connection.AsynchronousChannelStream$BasicCompletionHandler.failed(AsynchronousChannelStream.java:235)
	at com.mongodb.internal.connection.tlschannel.async.AsynchronousTlsChannel.lambda$read$6(AsynchronousTlsChannel.java:123)
	at java.base/java.util.concurrent.Executors$RunnableAdapter.call(Executors.java:572)
	at java.base/java.util.concurrent.FutureTask.run$$$capture(FutureTask.java:317)
	at java.base/java.util.concurrent.FutureTask.run(FutureTask.java)
	at java.base/java.util.concurrent.ThreadPoolExecutor.runWorker(ThreadPoolExecutor.java:1144)
	at java.base/java.util.concurrent.ThreadPoolExecutor$Worker.run(ThreadPoolExecutor.java:642)
	at java.base/java.lang.Thread.run(Thread.java:1583)
Caused by: java.nio.channels.InterruptedByTimeoutException: null
	at com.mongodb.internal.connection.tlschannel.async.AsynchronousTlsChannelGroup.lambda$startRead$2(AsynchronousTlsChannelGroup.java:310)
	at java.base/java.util.concurrent.Executors$RunnableAdapter.call(Executors.java:572)
	at java.base/java.util.concurrent.FutureTask.run$$$capture(FutureTask.java:317)
	at java.base/java.util.concurrent.FutureTask.run(FutureTask.java)
	at java.base/java.util.concurrent.ScheduledThreadPoolExecutor$ScheduledFutureTask.run(ScheduledThreadPoolExecutor.java:304)
	... 3 common frames omitted
2025-08-07 07:44:09.973 [ INFO] [cluster-ClusterId{value='689344e0a532e954cdcaf1fb', description='null'}-cluster-shard-00-01.0mtmr.mongodb.net:27017] org.mongodb.driver.cluster - Monitor thread successfully connected to server with description ServerDescription{address=cluster-shard-00-01.0mtmr.mongodb.net:27017, type=REPLICA_SET_PRIMARY, state=CONNECTED, ok=true, minWireVersion=0, maxWireVersion=25, maxDocumentSize=16777216, logicalSessionTimeoutMinutes=30, roundTripTimeNanos=40972000, setName='atlas-2baa9v-shard-0', canonicalAddress=cluster-shard-00-01.0mtmr.mongodb.net:27017, hosts=[cluster-shard-00-00.0mtmr.mongodb.net:27017, cluster-shard-00-01.0mtmr.mongodb.net:27017, cluster-shard-00-02.0mtmr.mongodb.net:27017], passives=[], arbiters=[], primary='cluster-shard-00-01.0mtmr.mongodb.net:27017', tagSet=TagSet{[Tag{name='availabilityZone', value='apne2-az3'}, Tag{name='diskState', value='READY'}, Tag{name='nodeType', value='ELECTABLE'}, Tag{name='provider', value='AWS'}, Tag{name='region', value='AP_NORTHEAST_2'}, Tag{name='workloadType', value='OPERATIONAL'}]}, electionId=7fffffff0000000000000096, setVersion=12, topologyVersion=TopologyVersion{processId=6890e09a669a1e8fa262dc09, counter=6}, lastWriteDate=Thu Aug 07 07:44:09 KST 2025, lastUpdateTimeNanos=1386288709735624}
2025-08-07 07:44:09.974 [ INFO] [cluster-ClusterId{value='689344e0a532e954cdcaf1fb', description='null'}-cluster-shard-00-01.0mtmr.mongodb.net:27017] org.mongodb.driver.cluster - Discovered replica set primary cluster-shard-00-01.0mtmr.mongodb.net:27017 with max election id 7fffffff0000000000000096 and max set version 12
